// Vitest Snapshot v1, https://vitest.dev/guide/snapshot.html

exports[`VehiculoCard > renderiza correctamente el componente (snapshot) 1`] = `
<div>
  <article>
    <h3>
      ðŸš— 
      Toyota
    </h3>
    <p>
      MatrÃ­cula: 
      1234ABC
    </p>
    <p>
      ITV: 
      Vigente âœ…
    </p>
  </article>
</div>
`;
